// Jest Snapshot v1, https://goo.gl/fbAQLP

exports[`snapshot 1`] = `
<nav
  aria-label="main navigation"
  className="navbar is-dark"
  role="navigation"
>
  <div
    className="navbar-brand"
  >
    <a
      aria-current="page"
      className="navbar-item"
      href="/"
      onClick={[Function]}
    >
      <img
        alt="Cuppa logo"
        src={Object {}}
      />
    </a>
  </div>
  <div
    className="navbar-menu is-active"
  >
    <div
      className="navbar-start"
    />
    <div
      className="navbar-end"
    >
      <ul>
        <li>
          <a
            className="button is-primary"
            href="/new-tea"
            onClick={[Function]}
          >
            Add a Tea
          </a>
        </li>
      </ul>
    </div>
  </div>
</nav>
`;
